2024-12-05T11:00:32.846+01:00 DEBUG 22000 --- [main] .m.m.a.ExceptionHandlerExceptionResolver : ControllerAdvice beans: 2 @ExceptionHandler, 1 ResponseBodyAdvice
2024-12-05T11:00:33.000+01:00 DEBUG 22000 --- [main] .m.m.a.ExceptionHandlerExceptionResolver : ControllerAdvice beans: 2 @ExceptionHandler, 0 ResponseBodyAdvice
2024-12-05T11:00:33.133+01:00  WARN 22000 --- [main] r$InitializeUserDetailsManagerConfigurer : Global AuthenticationManager configured with an AuthenticationProvider bean. UserDetailsService beans will not be used for username/password login. Consider removing the AuthenticationProvider bean. Alternatively, consider using the UserDetailsService in a manually instantiated DaoAuthenticationProvider.
2024-12-05T11:00:33.303+01:00 DEBUG 22000 --- [main] s.w.s.m.m.a.RequestMappingHandlerMapping : 10 mappings in 'requestMappingHandlerMapping'
2024-12-05T11:00:33.329+01:00 DEBUG 22000 --- [main] o.s.w.s.handler.SimpleUrlHandlerMapping  : Patterns [/webjars/**, /**] in 'resourceHandlerMapping'
2024-12-05T11:00:33.494+01:00 DEBUG 22000 --- [main] s.w.s.m.m.a.RequestMappingHandlerAdapter : ControllerAdvice beans: 0 @ModelAttribute, 0 @InitBinder, 1 RequestBodyAdvice, 1 ResponseBodyAdvice
2024-12-05T11:01:02.385+01:00  INFO 19356 --- [main] R.Onboarding.OnboardingApplication       : Starting OnboardingApplication using Java 21.0.1 with PID 19356 (C:\Users\yazan\Desktop\ordnen\Onboarding\target\classes started by yazan in C:\Users\yazan\Desktop\ordnen\Onboarding)
2024-12-05T11:01:02.388+01:00  INFO 19356 --- [main] R.Onboarding.OnboardingApplication       : No active profile set, falling back to 1 default profile: "default"
2024-12-05T11:01:03.130+01:00  INFO 19356 --- [main] .s.d.r.c.RepositoryConfigurationDelegate : Bootstrapping Spring Data JPA repositories in DEFAULT mode.
2024-12-05T11:01:03.198+01:00  INFO 19356 --- [main] .s.d.r.c.RepositoryConfigurationDelegate : Finished Spring Data repository scanning in 59 ms. Found 2 JPA repository interfaces.
2024-12-05T11:01:03.760+01:00  INFO 19356 --- [main] o.s.b.w.embedded.tomcat.TomcatWebServer  : Tomcat initialized with port 8081 (http)
2024-12-05T11:01:03.775+01:00  INFO 19356 --- [main] o.apache.catalina.core.StandardService   : Starting service [Tomcat]
2024-12-05T11:01:03.775+01:00  INFO 19356 --- [main] o.apache.catalina.core.StandardEngine    : Starting Servlet engine: [Apache Tomcat/10.1.30]
2024-12-05T11:01:03.838+01:00  INFO 19356 --- [main] o.a.c.c.C.[Tomcat].[localhost].[/]       : Initializing Spring embedded WebApplicationContext
2024-12-05T11:01:03.838+01:00  INFO 19356 --- [main] w.s.c.ServletWebServerApplicationContext : Root WebApplicationContext: initialization completed in 1398 ms
2024-12-05T11:01:04.396+01:00  INFO 19356 --- [main] o.s.o.j.p.SpringPersistenceUnitInfo      : No LoadTimeWeaver setup: ignoring JPA class transformer
2024-12-05T11:01:04.434+01:00  INFO 19356 --- [main] com.zaxxer.hikari.HikariDataSource       : HikariPool-1 - Starting...
2024-12-05T11:01:04.750+01:00  INFO 19356 --- [main] com.zaxxer.hikari.pool.HikariPool        : HikariPool-1 - Added connection com.mysql.cj.jdbc.ConnectionImpl@2b2b7e3c
2024-12-05T11:01:04.752+01:00  INFO 19356 --- [main] com.zaxxer.hikari.HikariDataSource       : HikariPool-1 - Start completed.
2024-12-05T11:01:06.916+01:00  INFO 19356 --- [main] j.LocalContainerEntityManagerFactoryBean : Initialized JPA EntityManagerFactory for persistence unit 'default'
2024-12-05T11:01:07.571+01:00 DEBUG 19356 --- [main] .m.m.a.ExceptionHandlerExceptionResolver : ControllerAdvice beans: 2 @ExceptionHandler, 1 ResponseBodyAdvice
2024-12-05T11:01:07.632+01:00 DEBUG 19356 --- [main] .m.m.a.ExceptionHandlerExceptionResolver : ControllerAdvice beans: 2 @ExceptionHandler, 0 ResponseBodyAdvice
2024-12-05T11:01:07.739+01:00  INFO 19356 --- [main] eAuthenticationProviderManagerConfigurer : Global AuthenticationManager configured with AuthenticationProvider bean with name authenticationProvider
2024-12-05T11:01:07.740+01:00  WARN 19356 --- [main] r$InitializeUserDetailsManagerConfigurer : Global AuthenticationManager configured with an AuthenticationProvider bean. UserDetailsService beans will not be used for username/password login. Consider removing the AuthenticationProvider bean. Alternatively, consider using the UserDetailsService in a manually instantiated DaoAuthenticationProvider.
2024-12-05T11:01:07.888+01:00 DEBUG 19356 --- [main] s.w.s.m.m.a.RequestMappingHandlerMapping : 10 mappings in 'requestMappingHandlerMapping'
2024-12-05T11:01:07.911+01:00 DEBUG 19356 --- [main] o.s.w.s.handler.SimpleUrlHandlerMapping  : Patterns [/webjars/**, /**] in 'resourceHandlerMapping'
2024-12-05T11:01:08.065+01:00 DEBUG 19356 --- [main] s.w.s.m.m.a.RequestMappingHandlerAdapter : ControllerAdvice beans: 0 @ModelAttribute, 0 @InitBinder, 1 RequestBodyAdvice, 1 ResponseBodyAdvice
2024-12-05T11:01:08.294+01:00  INFO 19356 --- [main] o.s.b.w.embedded.tomcat.TomcatWebServer  : Tomcat started on port 8081 (http) with context path '/'
2024-12-05T11:01:08.302+01:00  INFO 19356 --- [main] R.Onboarding.OnboardingApplication       : Started OnboardingApplication in 6.468 seconds (process running for 7.311)
2024-12-05T11:02:49.157+01:00  INFO 19356 --- [SpringApplicationShutdownHook] j.LocalContainerEntityManagerFactoryBean : Closing JPA EntityManagerFactory for persistence unit 'default'
2024-12-05T11:02:49.159+01:00  INFO 19356 --- [SpringApplicationShutdownHook] com.zaxxer.hikari.HikariDataSource       : HikariPool-1 - Shutdown initiated...
2024-12-05T11:02:49.168+01:00  INFO 19356 --- [SpringApplicationShutdownHook] com.zaxxer.hikari.HikariDataSource       : HikariPool-1 - Shutdown completed.
